<html>
<body>
<pre>
<h1>µVision Build Log</h1>
<h2>Tool Versions:</h2>
IDE-Version: ¦ÌVision V5.38.0.0
Copyright (C) 2022 ARM Ltd and ARM Germany GmbH. All rights reserved.
License Information: LCS lighting, lcs, LIC=585FJ-UQA18-74MS0-B9XYX-MS341-UYYP5
 
Tool Versions:
Toolchain:       MDK-ARM Plus  Version: 5.38.0.0
Toolchain Path:  D:\Keil_v5\ARM\ARMCC\Bin
C Compiler:      Armcc.exe V5.06 update 7 (build 960)
Assembler:       Armasm.exe V5.06 update 7 (build 960)
Linker/Locator:  ArmLink.exe V5.06 update 7 (build 960)
Library Manager: ArmAr.exe V5.06 update 7 (build 960)
Hex Converter:   FromElf.exe V5.06 update 7 (build 960)
CPU DLL:         SARMCM3.DLL V5.38.0.0
Dialog DLL:      DCM.DLL V1.17.5.0
Target DLL:      STLink\ST-LINKIII-KEIL_SWO.dll V3.1.0.0
Dialog DLL:      TCM.DLL V1.56.4.0
 
<h2>Project:</h2>
D:\STMProject\STM32F407\SPI\4.WIFIDMA_APP\Projects\MDK-ARM\atk_f407.uvprojx
Project File Date:  01/29/2025

<h2>Output:</h2>
*** Using Compiler 'V5.06 update 7 (build 960)', folder: 'D:\Keil_v5\ARM\ARMCC\Bin'
Build target 'lwIP'
Note: source file '..\..\Middlewares\LWIP\src\core\sys.c' - object file renamed from '..\..\Output\sys.o' to '..\..\Output\sys_1.o'.
compiling spi_sdio.c...
linking...
Program Size: Code=87088 RO-data=3636 RW-data=868 ZI-data=923548  
FromELF: creating hex file...
After Build - User command #1: fromelf --bin -o ..\..\Output\atk_f407.bin ..\..\Output\atk_f407.axf
"..\..\Output\atk_f407.axf" - 0 Error(s), 0 Warning(s).

<h2>Software Packages used:</h2>

Package Vendor: Keil
                https://www.keil.com/pack/Keil.STM32F4xx_DFP.2.17.1.pack
                Keil.STM32F4xx_DFP.2.17.1
                STMicroelectronics STM32F4 Series Device Support, Drivers and Examples

<h2>Collection of Component include folders:</h2>
  D:/Arm/Packs/Keil/STM32F4xx_DFP/2.17.1/Drivers/CMSIS/Device/ST/STM32F4xx/Include

<h2>Collection of Component Files used:</h2>
Build Time Elapsed:  00:00:09
</pre>
</body>
</html>
